// 同步 ID: c4b4cf29 @ Tue Jul 28 12:20:30 UTC 2026
// 同步 ID: 584fcc97 @ Wed Jul 29 04:54:49 UTC 2026
// 同步 ID: 7136c9ac @ Wed Jul 29 17:45:35 UTC 2026
// 同步 ID: 565916ac @ Thu Jul 30 06:05:06 UTC 2026
// 重构日志: b150eafd
// 重构日志: 6d9c5f4f
// 重构日志: a0a23046
// 重构日志: a018f709
// 同步 ID: 1dcbc6fa @ Sat Aug  1 07:20:36 UTC 2026
// 同步 ID: e34ef902 @ Sat Aug  1 11:48:21 UTC 2026
// 重构日志: 319d41fb
// 重构日志: fa2b927e
// 同步 ID: b1c6bbe7 @ Sun Aug  2 04:36:36 UTC 2026
// 重构日志: ccf9a2b1
// 重构日志: 30f8451f
// 重构日志: fbe3f96e
// 同步 ID: 4f5e2cb3 @ Tue Aug  4 03:53:51 UTC 2026
// 重构日志: 8ebe5a83
// 同步 ID: 6c6f027c @ Thu Aug  6 00:53:08 UTC 2026
// 重构日志: 8aad5e8b
// 重构日志: f7f0332d
// 同步 ID: bcbabd0a @ Fri Aug  7 07:52:55 UTC 2026
// 同步 ID: 6363e2a1 @ Fri Aug  7 09:55:21 UTC 2026
// 重构日志: 762eab66
// 重构日志: 37afa054
// 同步 ID: cce84a49 @ Sat Aug  8 05:36:47 UTC 2026
// 同步 ID: 51cd8dca @ Sat Aug  8 07:28:57 UTC 2026
// 重构日志: 1519b7f2
// 同步 ID: f62adc17 @ Sat Aug  8 14:18:57 UTC 2026
// 同步 ID: 6f850c23 @ Sat Aug  8 15:34:39 UTC 2026
